// Jest Snapshot v1, https://goo.gl/fbAQLP

exports[`Header component test Should render Header correctly 1`] = `
<header
  className="MuiPaper-root MuiAppBar-root MuiAppBar-positionStatic MuiAppBar-colorPrimary MuiPaper-elevation4"
>
  <div
    className="MuiToolbar-root header MuiToolbar-regular MuiToolbar-gutters"
  >
    <div
      className="header__logo"
    >
      <img
        alt="LoftTaxi logo"
        src="logo-header.svg"
      />
    </div>
    <button
      className="MuiButtonBase-root MuiButton-root MuiButton-text MuiButton-colorInherit"
      disabled={false}
      onBlur={[Function]}
      onClick={[Function]}
      onDragLeave={[Function]}
      onFocus={[Function]}
      onKeyDown={[Function]}
      onKeyUp={[Function]}
      onMouseDown={[Function]}
      onMouseLeave={[Function]}
      onMouseUp={[Function]}
      onTouchEnd={[Function]}
      onTouchMove={[Function]}
      onTouchStart={[Function]}
      tabIndex={0}
      type="button"
    >
      <span
        className="MuiButton-label header__button header__button_active"
      >
        Карта
      </span>
    </button>
    <button
      className="MuiButtonBase-root MuiButton-root MuiButton-text MuiButton-colorInherit"
      disabled={false}
      onBlur={[Function]}
      onClick={[Function]}
      onDragLeave={[Function]}
      onFocus={[Function]}
      onKeyDown={[Function]}
      onKeyUp={[Function]}
      onMouseDown={[Function]}
      onMouseLeave={[Function]}
      onMouseUp={[Function]}
      onTouchEnd={[Function]}
      onTouchMove={[Function]}
      onTouchStart={[Function]}
      tabIndex={0}
      type="button"
    >
      <span
        className="MuiButton-label header__button"
      >
        Профиль
      </span>
    </button>
    <button
      className="MuiButtonBase-root MuiButton-root MuiButton-text MuiButton-colorInherit"
      disabled={false}
      onBlur={[Function]}
      onClick={[Function]}
      onDragLeave={[Function]}
      onFocus={[Function]}
      onKeyDown={[Function]}
      onKeyUp={[Function]}
      onMouseDown={[Function]}
      onMouseLeave={[Function]}
      onMouseUp={[Function]}
      onTouchEnd={[Function]}
      onTouchMove={[Function]}
      onTouchStart={[Function]}
      tabIndex={0}
      type="button"
    >
      <span
        className="MuiButton-label header__button"
      >
        Войти
      </span>
    </button>
    <button
      className="MuiButtonBase-root MuiButton-root MuiButton-text MuiButton-colorInherit"
      disabled={false}
      onBlur={[Function]}
      onDragLeave={[Function]}
      onFocus={[Function]}
      onKeyDown={[Function]}
      onKeyUp={[Function]}
      onMouseDown={[Function]}
      onMouseLeave={[Function]}
      onMouseUp={[Function]}
      onTouchEnd={[Function]}
      onTouchMove={[Function]}
      onTouchStart={[Function]}
      tabIndex={0}
      type="button"
    >
      <span
        className="MuiButton-label header__button"
      >
        Выйти
      </span>
    </button>
  </div>
</header>
`;
