// Jest Snapshot v1, https://goo.gl/fbAQLP

exports[`Map component test Should render Map correctly 1`] = `null`;
